// Jest Snapshot v1, https://goo.gl/fbAQLP

exports[`Card component renders the the Card as expected 1`] = `
<div
  className="Card"
>
  <button
    type="button"
  >
    delete
  </button>
  <h3>
    Title
  </h3>
  <p>
    content
  </p>
</div>
`;

exports[`renders the UI as expected 1`] = `
<div
  className="Card"
>
  <button
    type="button"
  >
    delete
  </button>
  <h3>
    Title
  </h3>
  <p>
    content
  </p>
</div>
`;
